// Jest Snapshot v1, https://goo.gl/fbAQLP

exports[`renders correctly 1`] = `
<div
  className="fullImage"
>
  <img
    src="https://thumbs.static-thomann.de/thumb/thumb1000x/pics/prod//undefined"
  />
</div>
`;
