// Jest Snapshot v1, https://goo.gl/fbAQLP

exports[`renders correctly 1`] = `
<div
  className="thumbImage"
>
  <img
    src="https://thumbs.static-thomann.de/thumb/thumb120x/pics/prod//undefined"
  />
</div>
`;
